// Jest Snapshot v1, https://goo.gl/fbAQLP

exports[`PopularScreen testing... renders correctly 1`] = `
<View
  style={
    Array [
      Object {
        "flexBasis": 0,
        "flexGrow": 1,
        "flexShrink": 1,
        "width": "100%",
      },
    ]
  }
>
  <View
    style={
      Array [
        Object {
          "alignItems": "center",
          "backgroundColor": "#000",
          "height": "10%",
          "justifyContent": "center",
        },
      ]
    }
  >
    <Text
      style={
        Array [
          Object {
            "color": "#000",
            "fontSize": 20,
            "textAlign": "left",
          },
        ]
      }
    >
      Popular Movies
    </Text>
  </View>
  <View
    style={
      Array [
        Object {
          "backgroundColor": "#000",
          "flexBasis": 0,
          "flexGrow": 1,
          "flexShrink": 1,
        },
      ]
    }
  >
    <RCTScrollView
      ListEmptyComponent={[Function]}
      ListFooterComponent={false}
      contentContainerStyle={Object {}}
      data={
        Array [
          1,
          2,
          3,
          4,
          5,
          6,
          7,
          8,
          9,
          10,
          11,
          12,
          13,
          14,
          15,
          16,
          17,
          18,
          19,
          20,
        ]
      }
      disableVirtualization={false}
      getItem={[Function]}
      getItemCount={[Function]}
      horizontal={false}
      initialNumToRender={10}
      keyExtractor={[Function]}
      maxToRenderPerBatch={10}
      onContentSizeChange={[Function]}
      onEndReached={[Function]}
      onEndReachedThreshold={0.5}
      onLayout={[Function]}
      onMomentumScrollEnd={[Function]}
      onScroll={[Function]}
      onScrollBeginDrag={[Function]}
      onScrollEndDrag={[Function]}
      removeClippedSubviews={false}
      renderItem={[Function]}
      scrollEventThrottle={50}
      showsHorizontalScrollIndicator={false}
      showsVerticalScrollIndicator={false}
      stickyHeaderIndices={Array []}
      style={Object {}}
      updateCellsBatchingPeriod={50}
      viewabilityConfigCallbackPairs={Array []}
      windowSize={21}
    >
      <View>
        <View
          onLayout={[Function]}
          style={null}
        >
          <View
            style={
              Array [
                Object {
                  "paddingBottom": 10,
                  "paddingLeft": 10,
                  "paddingRight": 10,
                  "paddingTop": 10,
                  "width": "100%",
                },
              ]
            }
          >
            <View
              style={
                Object {
                  "backgroundColor": "grey",
                  "borderRadius": 5,
                  "flex": 1,
                  "opacity": 0.2,
                }
              }
            />
          </View>
        </View>
        <View
          onLayout={[Function]}
          style={null}
        >
          <View
            style={
              Array [
                Object {
                  "paddingBottom": 10,
                  "paddingLeft": 10,
                  "paddingRight": 10,
                  "paddingTop": 10,
                  "width": "100%",
                },
              ]
            }
          >
            <View
              style={
                Object {
                  "backgroundColor": "grey",
                  "borderRadius": 5,
                  "flex": 1,
                  "opacity": 0.2,
                }
              }
            />
          </View>
        </View>
        <View
          onLayout={[Function]}
          style={null}
        >
          <View
            style={
              Array [
                Object {
                  "paddingBottom": 10,
                  "paddingLeft": 10,
                  "paddingRight": 10,
                  "paddingTop": 10,
                  "width": "100%",
                },
              ]
            }
          >
            <View
              style={
                Object {
                  "backgroundColor": "grey",
                  "borderRadius": 5,
                  "flex": 1,
                  "opacity": 0.2,
                }
              }
            />
          </View>
        </View>
        <View
          onLayout={[Function]}
          style={null}
        >
          <View
            style={
              Array [
                Object {
                  "paddingBottom": 10,
                  "paddingLeft": 10,
                  "paddingRight": 10,
                  "paddingTop": 10,
                  "width": "100%",
                },
              ]
            }
          >
            <View
              style={
                Object {
                  "backgroundColor": "grey",
                  "borderRadius": 5,
                  "flex": 1,
                  "opacity": 0.2,
                }
              }
            />
          </View>
        </View>
        <View
          onLayout={[Function]}
          style={null}
        >
          <View
            style={
              Array [
                Object {
                  "paddingBottom": 10,
                  "paddingLeft": 10,
                  "paddingRight": 10,
                  "paddingTop": 10,
                  "width": "100%",
                },
              ]
            }
          >
            <View
              style={
                Object {
                  "backgroundColor": "grey",
                  "borderRadius": 5,
                  "flex": 1,
                  "opacity": 0.2,
                }
              }
            />
          </View>
        </View>
        <View
          onLayout={[Function]}
          style={null}
        >
          <View
            style={
              Array [
                Object {
                  "paddingBottom": 10,
                  "paddingLeft": 10,
                  "paddingRight": 10,
                  "paddingTop": 10,
                  "width": "100%",
                },
              ]
            }
          >
            <View
              style={
                Object {
                  "backgroundColor": "grey",
                  "borderRadius": 5,
                  "flex": 1,
                  "opacity": 0.2,
                }
              }
            />
          </View>
        </View>
        <View
          onLayout={[Function]}
          style={null}
        >
          <View
            style={
              Array [
                Object {
                  "paddingBottom": 10,
                  "paddingLeft": 10,
                  "paddingRight": 10,
                  "paddingTop": 10,
                  "width": "100%",
                },
              ]
            }
          >
            <View
              style={
                Object {
                  "backgroundColor": "grey",
                  "borderRadius": 5,
                  "flex": 1,
                  "opacity": 0.2,
                }
              }
            />
          </View>
        </View>
        <View
          onLayout={[Function]}
          style={null}
        >
          <View
            style={
              Array [
                Object {
                  "paddingBottom": 10,
                  "paddingLeft": 10,
                  "paddingRight": 10,
                  "paddingTop": 10,
                  "width": "100%",
                },
              ]
            }
          >
            <View
              style={
                Object {
                  "backgroundColor": "grey",
                  "borderRadius": 5,
                  "flex": 1,
                  "opacity": 0.2,
                }
              }
            />
          </View>
        </View>
        <View
          onLayout={[Function]}
          style={null}
        >
          <View
            style={
              Array [
                Object {
                  "paddingBottom": 10,
                  "paddingLeft": 10,
                  "paddingRight": 10,
                  "paddingTop": 10,
                  "width": "100%",
                },
              ]
            }
          >
            <View
              style={
                Object {
                  "backgroundColor": "grey",
                  "borderRadius": 5,
                  "flex": 1,
                  "opacity": 0.2,
                }
              }
            />
          </View>
        </View>
        <View
          onLayout={[Function]}
          style={null}
        >
          <View
            style={
              Array [
                Object {
                  "paddingBottom": 10,
                  "paddingLeft": 10,
                  "paddingRight": 10,
                  "paddingTop": 10,
                  "width": "100%",
                },
              ]
            }
          >
            <View
              style={
                Object {
                  "backgroundColor": "grey",
                  "borderRadius": 5,
                  "flex": 1,
                  "opacity": 0.2,
                }
              }
            />
          </View>
        </View>
        <View
          style={
            Object {
              "height": 0,
            }
          }
        />
      </View>
    </RCTScrollView>
  </View>
</View>
`;
